../Core/Src/bno055_stm32.h:33:6:bno055_assignI2C	16	static
../Core/Src/bno055_stm32.h:37:6:bno055_delay	16	static
../Core/Src/bno055_stm32.h:45:6:bno055_writeData	40	static
../Core/Src/bno055_stm32.h:109:6:bno055_readData	24	static
../Core/Src/main.c:89:5:main	56	static
../Core/Src/main.c:173:6:SystemClock_Config	96	static
../Core/Src/main.c:234:13:MX_I2C1_Init	8	static
../Core/Src/main.c:282:13:MX_LPUART1_UART_Init	8	static
../Core/Src/main.c:316:13:MX_USB_OTG_FS_PCD_Init	8	static
../Core/Src/main.c:351:13:MX_GPIO_Init	48	static
../Core/Src/main.c:402:1:__io_putchar	16	static
../Core/Src/main.c:411:6:mywrite	16	static
../Core/Src/main.c:415:6:myprintf	272	static
../Core/Src/main.c:437:6:HAL_UART_RxCpltCallback	16	static
../Core/Src/main.c:443:6:uart_init	8	static
../Core/Src/main.c:449:5:mygetch	4	static
../Core/Src/main.c:465:6:Error_Handler	4	static,ignoring_inline_asm
