../Core/Src/main.c:84:5:main	64	static
../Core/Src/main.c:157:6:SystemClock_Config	96	static
../Core/Src/main.c:218:13:MX_LPUART1_UART_Init	8	static
../Core/Src/main.c:252:13:MX_USB_OTG_FS_PCD_Init	8	static
../Core/Src/main.c:287:13:MX_GPIO_Init	48	static
../Core/Src/main.c:338:1:__io_putchar	16	static
../Core/Src/main.c:347:6:mywrite	16	static
../Core/Src/main.c:351:6:myprintf	272	static
../Core/Src/main.c:373:6:HAL_UART_RxCpltCallback	16	static
../Core/Src/main.c:379:6:uart_init	8	static
../Core/Src/main.c:385:5:mygetch	4	static
../Core/Src/main.c:401:6:Error_Handler	4	static,ignoring_inline_asm
