13:31:33 **** Incremental Build of configuration Debug for project Pen ****
make -j7 all 
arm-none-eabi-gcc "../Core/Src/main.c" -mcpu=cortex-m4 -std=gnu11 -g3 -DDEBUG -DUSE_HAL_DRIVER -DSTM32L496xx -c -I../Core/Inc -I../Drivers/STM32L4xx_HAL_Driver/Inc -I../Drivers/STM32L4xx_HAL_Driver/Inc/Legacy -I../Drivers/CMSIS/Device/ST/STM32L4xx/Include -I../Drivers/CMSIS/Include -O0 -ffunction-sections -fdata-sections -Wall -fstack-usage -fcyclomatic-complexity -MMD -MP -MF"Core/Src/main.d" -MT"Core/Src/main.o" --specs=nano.specs -mfpu=fpv4-sp-d16 -mfloat-abi=hard -mthumb -o "Core/Src/main.o"
arm-none-eabi-gcc "../Core/Src/syscalls.c" -mcpu=cortex-m4 -std=gnu11 -g3 -DDEBUG -DUSE_HAL_DRIVER -DSTM32L496xx -c -I../Core/Inc -I../Drivers/STM32L4xx_HAL_Driver/Inc -I../Drivers/STM32L4xx_HAL_Driver/Inc/Legacy -I../Drivers/CMSIS/Device/ST/STM32L4xx/Include -I../Drivers/CMSIS/Include -O0 -ffunction-sections -fdata-sections -Wall -fstack-usage -fcyclomatic-complexity -MMD -MP -MF"Core/Src/syscalls.d" -MT"Core/Src/syscalls.o" --specs=nano.specs -mfpu=fpv4-sp-d16 -mfloat-abi=hard -mthumb -o "Core/Src/syscalls.o"
arm-none-eabi-gcc "../Core/Src/sysmem.c" -mcpu=cortex-m4 -std=gnu11 -g3 -DDEBUG -DUSE_HAL_DRIVER -DSTM32L496xx -c -I../Core/Inc -I../Drivers/STM32L4xx_HAL_Driver/Inc -I../Drivers/STM32L4xx_HAL_Driver/Inc/Legacy -I../Drivers/CMSIS/Device/ST/STM32L4xx/Include -I../Drivers/CMSIS/Include -O0 -ffunction-sections -fdata-sections -Wall -fstack-usage -fcyclomatic-complexity -MMD -MP -MF"Core/Src/sysmem.d" -MT"Core/Src/sysmem.o" --specs=nano.specs -mfpu=fpv4-sp-d16 -mfloat-abi=hard -mthumb -o "Core/Src/sysmem.o"
arm-none-eabi-gcc "../Core/Src/system_stm32l4xx.c" -mcpu=cortex-m4 -std=gnu11 -g3 -DDEBUG -DUSE_HAL_DRIVER -DSTM32L496xx -c -I../Core/Inc -I../Drivers/STM32L4xx_HAL_Driver/Inc -I../Drivers/STM32L4xx_HAL_Driver/Inc/Legacy -I../Drivers/CMSIS/Device/ST/STM32L4xx/Include -I../Drivers/CMSIS/Include -O0 -ffunction-sections -fdata-sections -Wall -fstack-usage -fcyclomatic-complexity -MMD -MP -MF"Core/Src/system_stm32l4xx.d" -MT"Core/Src/system_stm32l4xx.o" --specs=nano.specs -mfpu=fpv4-sp-d16 -mfloat-abi=hard -mthumb -o "Core/Src/system_stm32l4xx.o"
../Core/Src/main.c: In function 'main':
../Core/Src/main.c:149:12: warning: implicit declaration of function 'mygetch' [-Wimplicit-function-declaration]
  149 |    int i = mygetch();
      |            ^~~~~~~
../Core/Src/main.c:153:6: warning: implicit declaration of function 'myprintf'; did you mean 'vdprintf'? [-Wimplicit-function-declaration]
  153 |      myprintf("Hello\n");
      |      ^~~~~~~~
      |      vdprintf
../Core/Src/main.c:94:12: warning: unused variable 'X' [-Wunused-variable]
   94 |    uint8_t X = 0;
      |            ^
../Core/Src/main.c:93:10: warning: unused variable 'buffer' [-Wunused-variable]
   93 |  uint8_t buffer[35] = {'\0'};
      |          ^~~~~~
../Core/Src/main.c:92:10: warning: unused variable 'MSG' [-Wunused-variable]
   92 |  uint8_t MSG[7] = {'h', 'e', 'l', 'l', 'o', '\r', '\n'};
      |          ^~~
../Core/Src/main.c: At top level:
../Core/Src/main.c:413:6: warning: conflicting types for 'myprintf'
  413 | void myprintf (const char *fmt, ...)
      |      ^~~~~~~~
../Core/Src/main.c:153:6: note: previous implicit declaration of 'myprintf' was here
  153 |      myprintf("Hello\n");
      |      ^~~~~~~~
arm-none-eabi-gcc -o "Pen.elf" @"objects.list"   -mcpu=cortex-m4 -T"/Users/naonao/Desktop/ENGN1650/engn1650-3Dpen-mcu/Pen/STM32L496ZGTX_FLASH.ld" --specs=nosys.specs -Wl,-Map="Pen.map" -Wl,--gc-sections -static --specs=nano.specs -mfpu=fpv4-sp-d16 -mfloat-abi=hard -mthumb -Wl,--start-group -lc -lm -Wl,--end-group
Finished building target: Pen.elf
 
arm-none-eabi-size   Pen.elf 
arm-none-eabi-objdump -h -S  Pen.elf  > "Pen.list"
   text	   data	    bss	    dec	    hex	filename
  31484	    132	   4332	  35948	   8c6c	Pen.elf
Finished building: default.size.stdout
 
Finished building: Pen.list
 
13:35:47 **** Incremental Build of configuration Debug for project Pen ****
make -j7 all 
arm-none-eabi-size   Pen.elf 
   text	   data	    bss	    dec	    hex	filename
  31484	    132	   4332	  35948	   8c6c	Pen.elf
Finished building: default.size.stdout
 
13:43:50 **** Incremental Build of configuration Debug for project Pen ****
make -j7 all 
arm-none-eabi-gcc "../Core/Src/main.c" -mcpu=cortex-m4 -std=gnu11 -g3 -DDEBUG -DUSE_HAL_DRIVER -DSTM32L496xx -c -I../Core/Inc -I../Drivers/STM32L4xx_HAL_Driver/Inc -I../Drivers/STM32L4xx_HAL_Driver/Inc/Legacy -I../Drivers/CMSIS/Device/ST/STM32L4xx/Include -I../Drivers/CMSIS/Include -O0 -ffunction-sections -fdata-sections -Wall -fstack-usage -fcyclomatic-complexity -MMD -MP -MF"Core/Src/main.d" -MT"Core/Src/main.o" --specs=nano.specs -mfpu=fpv4-sp-d16 -mfloat-abi=hard -mthumb -o "Core/Src/main.o"
../Core/Src/main.c: In function 'main':
../Core/Src/main.c:160:4: warning: implicit declaration of function 'myprintf'; did you mean 'vdprintf'? [-Wimplicit-function-declaration]
  160 |    myprintf("Heading: %.2f Roll: %.2f Pitch: %.2f\r\n", v.x, v.y, v.z);
      |    ^~~~~~~~
      |    vdprintf
../Core/Src/main.c:94:12: warning: unused variable 'X' [-Wunused-variable]
   94 |    uint8_t X = 0;
      |            ^
../Core/Src/main.c:93:10: warning: unused variable 'buffer' [-Wunused-variable]
   93 |  uint8_t buffer[35] = {'\0'};
      |          ^~~~~~
../Core/Src/main.c:92:10: warning: unused variable 'MSG' [-Wunused-variable]
   92 |  uint8_t MSG[7] = {'h', 'e', 'l', 'l', 'o', '\r', '\n'};
      |          ^~~
../Core/Src/main.c: At top level:
../Core/Src/main.c:414:6: warning: conflicting types for 'myprintf'
  414 | void myprintf (const char *fmt, ...)
      |      ^~~~~~~~
../Core/Src/main.c:160:4: note: previous implicit declaration of 'myprintf' was here
  160 |    myprintf("Heading: %.2f Roll: %.2f Pitch: %.2f\r\n", v.x, v.y, v.z);
      |    ^~~~~~~~
arm-none-eabi-gcc -o "Pen.elf" @"objects.list"   -mcpu=cortex-m4 -T"/Users/naonao/Desktop/ENGN1650/engn1650-3Dpen-mcu/Pen/STM32L496ZGTX_FLASH.ld" --specs=nosys.specs -Wl,-Map="Pen.map" -Wl,--gc-sections -static --specs=nano.specs -mfpu=fpv4-sp-d16 -mfloat-abi=hard -mthumb -Wl,--start-group -lc -lm -Wl,--end-group
Finished building target: Pen.elf
 
arm-none-eabi-size   Pen.elf 
arm-none-eabi-objdump -h -S  Pen.elf  > "Pen.list"
   text	   data	    bss	    dec	    hex	filename
  31348	    132	   3300	  34780	   87dc	Pen.elf
Finished building: default.size.stdout
 
Finished building: Pen.list
 
13:47:25 **** Incremental Build of configuration Debug for project Pen ****
make -j7 all 
arm-none-eabi-gcc "../Core/Src/main.c" -mcpu=cortex-m4 -std=gnu11 -g3 -DDEBUG -DUSE_HAL_DRIVER -DSTM32L496xx -c -I../Core/Inc -I../Drivers/STM32L4xx_HAL_Driver/Inc -I../Drivers/STM32L4xx_HAL_Driver/Inc/Legacy -I../Drivers/CMSIS/Device/ST/STM32L4xx/Include -I../Drivers/CMSIS/Include -O0 -ffunction-sections -fdata-sections -Wall -fstack-usage -fcyclomatic-complexity -MMD -MP -MF"Core/Src/main.d" -MT"Core/Src/main.o" --specs=nano.specs -mfpu=fpv4-sp-d16 -mfloat-abi=hard -mthumb -o "Core/Src/main.o"
../Core/Src/main.c: In function 'main':
../Core/Src/main.c:160:4: warning: implicit declaration of function 'myprintf'; did you mean 'vdprintf'? [-Wimplicit-function-declaration]
  160 |    myprintf("Heading: %.2f Roll: %.2f Pitch: %.2f\r\n", v.x, v.y, v.z);
      |    ^~~~~~~~
      |    vdprintf
../Core/Src/main.c:94:12: warning: unused variable 'X' [-Wunused-variable]
   94 |    uint8_t X = 0;
      |            ^
../Core/Src/main.c:93:10: warning: unused variable 'buffer' [-Wunused-variable]
   93 |  uint8_t buffer[35] = {'\0'};
      |          ^~~~~~
../Core/Src/main.c:92:10: warning: unused variable 'MSG' [-Wunused-variable]
   92 |  uint8_t MSG[7] = {'h', 'e', 'l', 'l', 'o', '\r', '\n'};
      |          ^~~
../Core/Src/main.c: At top level:
../Core/Src/main.c:417:6: warning: conflicting types for 'myprintf'
  417 | void myprintf (const char *fmt, ...)
      |      ^~~~~~~~
../Core/Src/main.c:160:4: note: previous implicit declaration of 'myprintf' was here
  160 |    myprintf("Heading: %.2f Roll: %.2f Pitch: %.2f\r\n", v.x, v.y, v.z);
      |    ^~~~~~~~
arm-none-eabi-gcc -o "Pen.elf" @"objects.list"   -mcpu=cortex-m4 -T"/Users/naonao/Desktop/ENGN1650/engn1650-3Dpen-mcu/Pen/STM32L496ZGTX_FLASH.ld" --specs=nosys.specs -Wl,-Map="Pen.map" -Wl,--gc-sections -static --specs=nano.specs -mfpu=fpv4-sp-d16 -mfloat-abi=hard -mthumb -Wl,--start-group -lc -lm -Wl,--end-group
Finished building target: Pen.elf
 
arm-none-eabi-size   Pen.elf 
arm-none-eabi-objdump -h -S  Pen.elf  > "Pen.list"
   text	   data	    bss	    dec	    hex	filename
  31400	    132	   3300	  34832	   8810	Pen.elf
Finished building: default.size.stdout
 
Finished building: Pen.list
 
13:48:20 **** Incremental Build of configuration Debug for project Pen ****
make -j7 all 
arm-none-eabi-gcc "../Core/Src/main.c" -mcpu=cortex-m4 -std=gnu11 -g3 -DDEBUG -DUSE_HAL_DRIVER -DSTM32L496xx -c -I../Core/Inc -I../Drivers/STM32L4xx_HAL_Driver/Inc -I../Drivers/STM32L4xx_HAL_Driver/Inc/Legacy -I../Drivers/CMSIS/Device/ST/STM32L4xx/Include -I../Drivers/CMSIS/Include -O0 -ffunction-sections -fdata-sections -Wall -fstack-usage -fcyclomatic-complexity -MMD -MP -MF"Core/Src/main.d" -MT"Core/Src/main.o" --specs=nano.specs -mfpu=fpv4-sp-d16 -mfloat-abi=hard -mthumb -o "Core/Src/main.o"
../Core/Src/main.c: In function 'main':
../Core/Src/main.c:160:4: warning: implicit declaration of function 'myprintf'; did you mean 'vdprintf'? [-Wimplicit-function-declaration]
  160 |    myprintf("Heading: %.2f Roll: %.2f Pitch: %.2f\r\n", v.x, v.y, v.z);
      |    ^~~~~~~~
      |    vdprintf
../Core/Src/main.c:94:12: warning: unused variable 'X' [-Wunused-variable]
   94 |    uint8_t X = 0;
      |            ^
../Core/Src/main.c:93:10: warning: unused variable 'buffer' [-Wunused-variable]
   93 |  uint8_t buffer[35] = {'\0'};
      |          ^~~~~~
../Core/Src/main.c:92:10: warning: unused variable 'MSG' [-Wunused-variable]
   92 |  uint8_t MSG[7] = {'h', 'e', 'l', 'l', 'o', '\r', '\n'};
      |          ^~~
../Core/Src/main.c: At top level:
../Core/Src/main.c:418:6: warning: conflicting types for 'myprintf'
  418 | void myprintf (const char *fmt, ...)
      |      ^~~~~~~~
../Core/Src/main.c:160:4: note: previous implicit declaration of 'myprintf' was here
  160 |    myprintf("Heading: %.2f Roll: %.2f Pitch: %.2f\r\n", v.x, v.y, v.z);
      |    ^~~~~~~~
arm-none-eabi-gcc -o "Pen.elf" @"objects.list"   -mcpu=cortex-m4 -T"/Users/naonao/Desktop/ENGN1650/engn1650-3Dpen-mcu/Pen/STM32L496ZGTX_FLASH.ld" --specs=nosys.specs -Wl,-Map="Pen.map" -Wl,--gc-sections -static --specs=nano.specs -mfpu=fpv4-sp-d16 -mfloat-abi=hard -mthumb -Wl,--start-group -lc -lm -Wl,--end-group
Finished building target: Pen.elf
 
arm-none-eabi-size   Pen.elf 
arm-none-eabi-objdump -h -S  Pen.elf  > "Pen.list"
   text	   data	    bss	    dec	    hex	filename
  31420	    132	   3300	  34852	   8824	Pen.elf
Finished building: default.size.stdout
 
Finished building: Pen.list
 
13:54:47 **** Incremental Build of configuration Debug for project Pen ****
make -j7 all 
arm-none-eabi-gcc "../Core/Src/bno055.c" -mcpu=cortex-m4 -std=gnu11 -g3 -DDEBUG -DUSE_HAL_DRIVER -DSTM32L496xx -c -I../Core/Inc -I../Drivers/STM32L4xx_HAL_Driver/Inc -I../Drivers/STM32L4xx_HAL_Driver/Inc/Legacy -I../Drivers/CMSIS/Device/ST/STM32L4xx/Include -I../Drivers/CMSIS/Include -O0 -ffunction-sections -fdata-sections -Wall -fstack-usage -fcyclomatic-complexity -MMD -MP -MF"Core/Src/bno055.d" -MT"Core/Src/bno055.o" --specs=nano.specs -mfpu=fpv4-sp-d16 -mfloat-abi=hard -mthumb -o "Core/Src/bno055.o"
arm-none-eabi-gcc -o "Pen.elf" @"objects.list"   -mcpu=cortex-m4 -T"/Users/naonao/Desktop/ENGN1650/engn1650-3Dpen-mcu/Pen/STM32L496ZGTX_FLASH.ld" --specs=nosys.specs -Wl,-Map="Pen.map" -Wl,--gc-sections -static --specs=nano.specs -mfpu=fpv4-sp-d16 -mfloat-abi=hard -mthumb -Wl,--start-group -lc -lm -Wl,--end-group
Finished building target: Pen.elf
 
arm-none-eabi-size   Pen.elf 
arm-none-eabi-objdump -h -S  Pen.elf  > "Pen.list"
   text	   data	    bss	    dec	    hex	filename
  31340	    132	   3300	  34772	   87d4	Pen.elf
Finished building: default.size.stdout
 
Finished building: Pen.list
 
14:02:33 **** Incremental Build of configuration Debug for project Pen ****
make -j7 all 
arm-none-eabi-gcc "../Core/Src/bno055.c" -mcpu=cortex-m4 -std=gnu11 -g3 -DDEBUG -DUSE_HAL_DRIVER -DSTM32L496xx -c -I../Core/Inc -I../Drivers/STM32L4xx_HAL_Driver/Inc -I../Drivers/STM32L4xx_HAL_Driver/Inc/Legacy -I../Drivers/CMSIS/Device/ST/STM32L4xx/Include -I../Drivers/CMSIS/Include -O0 -ffunction-sections -fdata-sections -Wall -fstack-usage -fcyclomatic-complexity -MMD -MP -MF"Core/Src/bno055.d" -MT"Core/Src/bno055.o" --specs=nano.specs -mfpu=fpv4-sp-d16 -mfloat-abi=hard -mthumb -o "Core/Src/bno055.o"
arm-none-eabi-gcc -o "Pen.elf" @"objects.list"   -mcpu=cortex-m4 -T"/Users/naonao/Desktop/ENGN1650/engn1650-3Dpen-mcu/Pen/STM32L496ZGTX_FLASH.ld" --specs=nosys.specs -Wl,-Map="Pen.map" -Wl,--gc-sections -static --specs=nano.specs -mfpu=fpv4-sp-d16 -mfloat-abi=hard -mthumb -Wl,--start-group -lc -lm -Wl,--end-group
Finished building target: Pen.elf
 
arm-none-eabi-size   Pen.elf 
arm-none-eabi-objdump -h -S  Pen.elf  > "Pen.list"
   text	   data	    bss	    dec	    hex	filename
  31420	    132	   3300	  34852	   8824	Pen.elf
Finished building: default.size.stdout
 
Finished building: Pen.list
 
14:18:17 **** Incremental Build of configuration Debug for project Pen ****
make -j7 all 
arm-none-eabi-gcc "../Drivers/STM32L4xx_HAL_Driver/Src/stm32l4xx_hal.c" -mcpu=cortex-m4 -std=gnu11 -g3 -DDEBUG -DUSE_HAL_DRIVER -DSTM32L496xx -c -I../Core/Inc -I../Drivers/STM32L4xx_HAL_Driver/Inc -I../Drivers/STM32L4xx_HAL_Driver/Inc/Legacy -I../Drivers/CMSIS/Device/ST/STM32L4xx/Include -I../Drivers/CMSIS/Include -O0 -ffunction-sections -fdata-sections -Wall -fstack-usage -fcyclomatic-complexity -MMD -MP -MF"Drivers/STM32L4xx_HAL_Driver/Src/stm32l4xx_hal.d" -MT"Drivers/STM32L4xx_HAL_Driver/Src/stm32l4xx_hal.o" --specs=nano.specs -mfpu=fpv4-sp-d16 -mfloat-abi=hard -mthumb -o "Drivers/STM32L4xx_HAL_Driver/Src/stm32l4xx_hal.o"
arm-none-eabi-gcc "../Drivers/STM32L4xx_HAL_Driver/Src/stm32l4xx_hal_cortex.c" -mcpu=cortex-m4 -std=gnu11 -g3 -DDEBUG -DUSE_HAL_DRIVER -DSTM32L496xx -c -I../Core/Inc -I../Drivers/STM32L4xx_HAL_Driver/Inc -I../Drivers/STM32L4xx_HAL_Driver/Inc/Legacy -I../Drivers/CMSIS/Device/ST/STM32L4xx/Include -I../Drivers/CMSIS/Include -O0 -ffunction-sections -fdata-sections -Wall -fstack-usage -fcyclomatic-complexity -MMD -MP -MF"Drivers/STM32L4xx_HAL_Driver/Src/stm32l4xx_hal_cortex.d" -MT"Drivers/STM32L4xx_HAL_Driver/Src/stm32l4xx_hal_cortex.o" --specs=nano.specs -mfpu=fpv4-sp-d16 -mfloat-abi=hard -mthumb -o "Drivers/STM32L4xx_HAL_Driver/Src/stm32l4xx_hal_cortex.o"
arm-none-eabi-gcc "../Drivers/STM32L4xx_HAL_Driver/Src/stm32l4xx_hal_dma.c" -mcpu=cortex-m4 -std=gnu11 -g3 -DDEBUG -DUSE_HAL_DRIVER -DSTM32L496xx -c -I../Core/Inc -I../Drivers/STM32L4xx_HAL_Driver/Inc -I../Drivers/STM32L4xx_HAL_Driver/Inc/Legacy -I../Drivers/CMSIS/Device/ST/STM32L4xx/Include -I../Drivers/CMSIS/Include -O0 -ffunction-sections -fdata-sections -Wall -fstack-usage -fcyclomatic-complexity -MMD -MP -MF"Drivers/STM32L4xx_HAL_Driver/Src/stm32l4xx_hal_dma.d" -MT"Drivers/STM32L4xx_HAL_Driver/Src/stm32l4xx_hal_dma.o" --specs=nano.specs -mfpu=fpv4-sp-d16 -mfloat-abi=hard -mthumb -o "Drivers/STM32L4xx_HAL_Driver/Src/stm32l4xx_hal_dma.o"
arm-none-eabi-gcc "../Drivers/STM32L4xx_HAL_Driver/Src/stm32l4xx_hal_dma_ex.c" -mcpu=cortex-m4 -std=gnu11 -g3 -DDEBUG -DUSE_HAL_DRIVER -DSTM32L496xx -c -I../Core/Inc -I../Drivers/STM32L4xx_HAL_Driver/Inc -I../Drivers/STM32L4xx_HAL_Driver/Inc/Legacy -I../Drivers/CMSIS/Device/ST/STM32L4xx/Include -I../Drivers/CMSIS/Include -O0 -ffunction-sections -fdata-sections -Wall -fstack-usage -fcyclomatic-complexity -MMD -MP -MF"Drivers/STM32L4xx_HAL_Driver/Src/stm32l4xx_hal_dma_ex.d" -MT"Drivers/STM32L4xx_HAL_Driver/Src/stm32l4xx_hal_dma_ex.o" --specs=nano.specs -mfpu=fpv4-sp-d16 -mfloat-abi=hard -mthumb -o "Drivers/STM32L4xx_HAL_Driver/Src/stm32l4xx_hal_dma_ex.o"
arm-none-eabi-gcc "../Drivers/STM32L4xx_HAL_Driver/Src/stm32l4xx_hal_exti.c" -mcpu=cortex-m4 -std=gnu11 -g3 -DDEBUG -DUSE_HAL_DRIVER -DSTM32L496xx -c -I../Core/Inc -I../Drivers/STM32L4xx_HAL_Driver/Inc -I../Drivers/STM32L4xx_HAL_Driver/Inc/Legacy -I../Drivers/CMSIS/Device/ST/STM32L4xx/Include -I../Drivers/CMSIS/Include -O0 -ffunction-sections -fdata-sections -Wall -fstack-usage -fcyclomatic-complexity -MMD -MP -MF"Drivers/STM32L4xx_HAL_Driver/Src/stm32l4xx_hal_exti.d" -MT"Drivers/STM32L4xx_HAL_Driver/Src/stm32l4xx_hal_exti.o" --specs=nano.specs -mfpu=fpv4-sp-d16 -mfloat-abi=hard -mthumb -o "Drivers/STM32L4xx_HAL_Driver/Src/stm32l4xx_hal_exti.o"
arm-none-eabi-gcc "../Drivers/STM32L4xx_HAL_Driver/Src/stm32l4xx_hal_flash.c" -mcpu=cortex-m4 -std=gnu11 -g3 -DDEBUG -DUSE_HAL_DRIVER -DSTM32L496xx -c -I../Core/Inc -I../Drivers/STM32L4xx_HAL_Driver/Inc -I../Drivers/STM32L4xx_HAL_Driver/Inc/Legacy -I../Drivers/CMSIS/Device/ST/STM32L4xx/Include -I../Drivers/CMSIS/Include -O0 -ffunction-sections -fdata-sections -Wall -fstack-usage -fcyclomatic-complexity -MMD -MP -MF"Drivers/STM32L4xx_HAL_Driver/Src/stm32l4xx_hal_flash.d" -MT"Drivers/STM32L4xx_HAL_Driver/Src/stm32l4xx_hal_flash.o" --specs=nano.specs -mfpu=fpv4-sp-d16 -mfloat-abi=hard -mthumb -o "Drivers/STM32L4xx_HAL_Driver/Src/stm32l4xx_hal_flash.o"
arm-none-eabi-gcc "../Drivers/STM32L4xx_HAL_Driver/Src/stm32l4xx_hal_flash_ex.c" -mcpu=cortex-m4 -std=gnu11 -g3 -DDEBUG -DUSE_HAL_DRIVER -DSTM32L496xx -c -I../Core/Inc -I../Drivers/STM32L4xx_HAL_Driver/Inc -I../Drivers/STM32L4xx_HAL_Driver/Inc/Legacy -I../Drivers/CMSIS/Device/ST/STM32L4xx/Include -I../Drivers/CMSIS/Include -O0 -ffunction-sections -fdata-sections -Wall -fstack-usage -fcyclomatic-complexity -MMD -MP -MF"Drivers/STM32L4xx_HAL_Driver/Src/stm32l4xx_hal_flash_ex.d" -MT"Drivers/STM32L4xx_HAL_Driver/Src/stm32l4xx_hal_flash_ex.o" --specs=nano.specs -mfpu=fpv4-sp-d16 -mfloat-abi=hard -mthumb -o "Drivers/STM32L4xx_HAL_Driver/Src/stm32l4xx_hal_flash_ex.o"
arm-none-eabi-gcc "../Drivers/STM32L4xx_HAL_Driver/Src/stm32l4xx_hal_flash_ramfunc.c" -mcpu=cortex-m4 -std=gnu11 -g3 -DDEBUG -DUSE_HAL_DRIVER -DSTM32L496xx -c -I../Core/Inc -I../Drivers/STM32L4xx_HAL_Driver/Inc -I../Drivers/STM32L4xx_HAL_Driver/Inc/Legacy -I../Drivers/CMSIS/Device/ST/STM32L4xx/Include -I../Drivers/CMSIS/Include -O0 -ffunction-sections -fdata-sections -Wall -fstack-usage -fcyclomatic-complexity -MMD -MP -MF"Drivers/STM32L4xx_HAL_Driver/Src/stm32l4xx_hal_flash_ramfunc.d" -MT"Drivers/STM32L4xx_HAL_Driver/Src/stm32l4xx_hal_flash_ramfunc.o" --specs=nano.specs -mfpu=fpv4-sp-d16 -mfloat-abi=hard -mthumb -o "Drivers/STM32L4xx_HAL_Driver/Src/stm32l4xx_hal_flash_ramfunc.o"
arm-none-eabi-gcc "../Drivers/STM32L4xx_HAL_Driver/Src/stm32l4xx_hal_gpio.c" -mcpu=cortex-m4 -std=gnu11 -g3 -DDEBUG -DUSE_HAL_DRIVER -DSTM32L496xx -c -I../Core/Inc -I../Drivers/STM32L4xx_HAL_Driver/Inc -I../Drivers/STM32L4xx_HAL_Driver/Inc/Legacy -I../Drivers/CMSIS/Device/ST/STM32L4xx/Include -I../Drivers/CMSIS/Include -O0 -ffunction-sections -fdata-sections -Wall -fstack-usage -fcyclomatic-complexity -MMD -MP -MF"Drivers/STM32L4xx_HAL_Driver/Src/stm32l4xx_hal_gpio.d" -MT"Drivers/STM32L4xx_HAL_Driver/Src/stm32l4xx_hal_gpio.o" --specs=nano.specs -mfpu=fpv4-sp-d16 -mfloat-abi=hard -mthumb -o "Drivers/STM32L4xx_HAL_Driver/Src/stm32l4xx_hal_gpio.o"
arm-none-eabi-gcc "../Drivers/STM32L4xx_HAL_Driver/Src/stm32l4xx_hal_i2c.c" -mcpu=cortex-m4 -std=gnu11 -g3 -DDEBUG -DUSE_HAL_DRIVER -DSTM32L496xx -c -I../Core/Inc -I../Drivers/STM32L4xx_HAL_Driver/Inc -I../Drivers/STM32L4xx_HAL_Driver/Inc/Legacy -I../Drivers/CMSIS/Device/ST/STM32L4xx/Include -I../Drivers/CMSIS/Include -O0 -ffunction-sections -fdata-sections -Wall -fstack-usage -fcyclomatic-complexity -MMD -MP -MF"Drivers/STM32L4xx_HAL_Driver/Src/stm32l4xx_hal_i2c.d" -MT"Drivers/STM32L4xx_HAL_Driver/Src/stm32l4xx_hal_i2c.o" --specs=nano.specs -mfpu=fpv4-sp-d16 -mfloat-abi=hard -mthumb -o "Drivers/STM32L4xx_HAL_Driver/Src/stm32l4xx_hal_i2c.o"
arm-none-eabi-gcc "../Drivers/STM32L4xx_HAL_Driver/Src/stm32l4xx_hal_i2c_ex.c" -mcpu=cortex-m4 -std=gnu11 -g3 -DDEBUG -DUSE_HAL_DRIVER -DSTM32L496xx -c -I../Core/Inc -I../Drivers/STM32L4xx_HAL_Driver/Inc -I../Drivers/STM32L4xx_HAL_Driver/Inc/Legacy -I../Drivers/CMSIS/Device/ST/STM32L4xx/Include -I../Drivers/CMSIS/Include -O0 -ffunction-sections -fdata-sections -Wall -fstack-usage -fcyclomatic-complexity -MMD -MP -MF"Drivers/STM32L4xx_HAL_Driver/Src/stm32l4xx_hal_i2c_ex.d" -MT"Drivers/STM32L4xx_HAL_Driver/Src/stm32l4xx_hal_i2c_ex.o" --specs=nano.specs -mfpu=fpv4-sp-d16 -mfloat-abi=hard -mthumb -o "Drivers/STM32L4xx_HAL_Driver/Src/stm32l4xx_hal_i2c_ex.o"
arm-none-eabi-gcc "../Drivers/STM32L4xx_HAL_Driver/Src/stm32l4xx_hal_pcd.c" -mcpu=cortex-m4 -std=gnu11 -g3 -DDEBUG -DUSE_HAL_DRIVER -DSTM32L496xx -c -I../Core/Inc -I../Drivers/STM32L4xx_HAL_Driver/Inc -I../Drivers/STM32L4xx_HAL_Driver/Inc/Legacy -I../Drivers/CMSIS/Device/ST/STM32L4xx/Include -I../Drivers/CMSIS/Include -O0 -ffunction-sections -fdata-sections -Wall -fstack-usage -fcyclomatic-complexity -MMD -MP -MF"Drivers/STM32L4xx_HAL_Driver/Src/stm32l4xx_hal_pcd.d" -MT"Drivers/STM32L4xx_HAL_Driver/Src/stm32l4xx_hal_pcd.o" --specs=nano.specs -mfpu=fpv4-sp-d16 -mfloat-abi=hard -mthumb -o "Drivers/STM32L4xx_HAL_Driver/Src/stm32l4xx_hal_pcd.o"
arm-none-eabi-gcc "../Drivers/STM32L4xx_HAL_Driver/Src/stm32l4xx_hal_pcd_ex.c" -mcpu=cortex-m4 -std=gnu11 -g3 -DDEBUG -DUSE_HAL_DRIVER -DSTM32L496xx -c -I../Core/Inc -I../Drivers/STM32L4xx_HAL_Driver/Inc -I../Drivers/STM32L4xx_HAL_Driver/Inc/Legacy -I../Drivers/CMSIS/Device/ST/STM32L4xx/Include -I../Drivers/CMSIS/Include -O0 -ffunction-sections -fdata-sections -Wall -fstack-usage -fcyclomatic-complexity -MMD -MP -MF"Drivers/STM32L4xx_HAL_Driver/Src/stm32l4xx_hal_pcd_ex.d" -MT"Drivers/STM32L4xx_HAL_Driver/Src/stm32l4xx_hal_pcd_ex.o" --specs=nano.specs -mfpu=fpv4-sp-d16 -mfloat-abi=hard -mthumb -o "Drivers/STM32L4xx_HAL_Driver/Src/stm32l4xx_hal_pcd_ex.o"
arm-none-eabi-gcc "../Drivers/STM32L4xx_HAL_Driver/Src/stm32l4xx_hal_pwr.c" -mcpu=cortex-m4 -std=gnu11 -g3 -DDEBUG -DUSE_HAL_DRIVER -DSTM32L496xx -c -I../Core/Inc -I../Drivers/STM32L4xx_HAL_Driver/Inc -I../Drivers/STM32L4xx_HAL_Driver/Inc/Legacy -I../Drivers/CMSIS/Device/ST/STM32L4xx/Include -I../Drivers/CMSIS/Include -O0 -ffunction-sections -fdata-sections -Wall -fstack-usage -fcyclomatic-complexity -MMD -MP -MF"Drivers/STM32L4xx_HAL_Driver/Src/stm32l4xx_hal_pwr.d" -MT"Drivers/STM32L4xx_HAL_Driver/Src/stm32l4xx_hal_pwr.o" --specs=nano.specs -mfpu=fpv4-sp-d16 -mfloat-abi=hard -mthumb -o "Drivers/STM32L4xx_HAL_Driver/Src/stm32l4xx_hal_pwr.o"
arm-none-eabi-gcc "../Drivers/STM32L4xx_HAL_Driver/Src/stm32l4xx_hal_pwr_ex.c" -mcpu=cortex-m4 -std=gnu11 -g3 -DDEBUG -DUSE_HAL_DRIVER -DSTM32L496xx -c -I../Core/Inc -I../Drivers/STM32L4xx_HAL_Driver/Inc -I../Drivers/STM32L4xx_HAL_Driver/Inc/Legacy -I../Drivers/CMSIS/Device/ST/STM32L4xx/Include -I../Drivers/CMSIS/Include -O0 -ffunction-sections -fdata-sections -Wall -fstack-usage -fcyclomatic-complexity -MMD -MP -MF"Drivers/STM32L4xx_HAL_Driver/Src/stm32l4xx_hal_pwr_ex.d" -MT"Drivers/STM32L4xx_HAL_Driver/Src/stm32l4xx_hal_pwr_ex.o" --specs=nano.specs -mfpu=fpv4-sp-d16 -mfloat-abi=hard -mthumb -o "Drivers/STM32L4xx_HAL_Driver/Src/stm32l4xx_hal_pwr_ex.o"
arm-none-eabi-gcc "../Drivers/STM32L4xx_HAL_Driver/Src/stm32l4xx_hal_rcc.c" -mcpu=cortex-m4 -std=gnu11 -g3 -DDEBUG -DUSE_HAL_DRIVER -DSTM32L496xx -c -I../Core/Inc -I../Drivers/STM32L4xx_HAL_Driver/Inc -I../Drivers/STM32L4xx_HAL_Driver/Inc/Legacy -I../Drivers/CMSIS/Device/ST/STM32L4xx/Include -I../Drivers/CMSIS/Include -O0 -ffunction-sections -fdata-sections -Wall -fstack-usage -fcyclomatic-complexity -MMD -MP -MF"Drivers/STM32L4xx_HAL_Driver/Src/stm32l4xx_hal_rcc.d" -MT"Drivers/STM32L4xx_HAL_Driver/Src/stm32l4xx_hal_rcc.o" --specs=nano.specs -mfpu=fpv4-sp-d16 -mfloat-abi=hard -mthumb -o "Drivers/STM32L4xx_HAL_Driver/Src/stm32l4xx_hal_rcc.o"
arm-none-eabi-gcc "../Drivers/STM32L4xx_HAL_Driver/Src/stm32l4xx_hal_rcc_ex.c" -mcpu=cortex-m4 -std=gnu11 -g3 -DDEBUG -DUSE_HAL_DRIVER -DSTM32L496xx -c -I../Core/Inc -I../Drivers/STM32L4xx_HAL_Driver/Inc -I../Drivers/STM32L4xx_HAL_Driver/Inc/Legacy -I../Drivers/CMSIS/Device/ST/STM32L4xx/Include -I../Drivers/CMSIS/Include -O0 -ffunction-sections -fdata-sections -Wall -fstack-usage -fcyclomatic-complexity -MMD -MP -MF"Drivers/STM32L4xx_HAL_Driver/Src/stm32l4xx_hal_rcc_ex.d" -MT"Drivers/STM32L4xx_HAL_Driver/Src/stm32l4xx_hal_rcc_ex.o" --specs=nano.specs -mfpu=fpv4-sp-d16 -mfloat-abi=hard -mthumb -o "Drivers/STM32L4xx_HAL_Driver/Src/stm32l4xx_hal_rcc_ex.o"
arm-none-eabi-gcc "../Drivers/STM32L4xx_HAL_Driver/Src/stm32l4xx_hal_tim.c" -mcpu=cortex-m4 -std=gnu11 -g3 -DDEBUG -DUSE_HAL_DRIVER -DSTM32L496xx -c -I../Core/Inc -I../Drivers/STM32L4xx_HAL_Driver/Inc -I../Drivers/STM32L4xx_HAL_Driver/Inc/Legacy -I../Drivers/CMSIS/Device/ST/STM32L4xx/Include -I../Drivers/CMSIS/Include -O0 -ffunction-sections -fdata-sections -Wall -fstack-usage -fcyclomatic-complexity -MMD -MP -MF"Drivers/STM32L4xx_HAL_Driver/Src/stm32l4xx_hal_tim.d" -MT"Drivers/STM32L4xx_HAL_Driver/Src/stm32l4xx_hal_tim.o" --specs=nano.specs -mfpu=fpv4-sp-d16 -mfloat-abi=hard -mthumb -o "Drivers/STM32L4xx_HAL_Driver/Src/stm32l4xx_hal_tim.o"
arm-none-eabi-gcc "../Drivers/STM32L4xx_HAL_Driver/Src/stm32l4xx_hal_tim_ex.c" -mcpu=cortex-m4 -std=gnu11 -g3 -DDEBUG -DUSE_HAL_DRIVER -DSTM32L496xx -c -I../Core/Inc -I../Drivers/STM32L4xx_HAL_Driver/Inc -I../Drivers/STM32L4xx_HAL_Driver/Inc/Legacy -I../Drivers/CMSIS/Device/ST/STM32L4xx/Include -I../Drivers/CMSIS/Include -O0 -ffunction-sections -fdata-sections -Wall -fstack-usage -fcyclomatic-complexity -MMD -MP -MF"Drivers/STM32L4xx_HAL_Driver/Src/stm32l4xx_hal_tim_ex.d" -MT"Drivers/STM32L4xx_HAL_Driver/Src/stm32l4xx_hal_tim_ex.o" --specs=nano.specs -mfpu=fpv4-sp-d16 -mfloat-abi=hard -mthumb -o "Drivers/STM32L4xx_HAL_Driver/Src/stm32l4xx_hal_tim_ex.o"
arm-none-eabi-gcc "../Drivers/STM32L4xx_HAL_Driver/Src/stm32l4xx_hal_uart.c" -mcpu=cortex-m4 -std=gnu11 -g3 -DDEBUG -DUSE_HAL_DRIVER -DSTM32L496xx -c -I../Core/Inc -I../Drivers/STM32L4xx_HAL_Driver/Inc -I../Drivers/STM32L4xx_HAL_Driver/Inc/Legacy -I../Drivers/CMSIS/Device/ST/STM32L4xx/Include -I../Drivers/CMSIS/Include -O0 -ffunction-sections -fdata-sections -Wall -fstack-usage -fcyclomatic-complexity -MMD -MP -MF"Drivers/STM32L4xx_HAL_Driver/Src/stm32l4xx_hal_uart.d" -MT"Drivers/STM32L4xx_HAL_Driver/Src/stm32l4xx_hal_uart.o" --specs=nano.specs -mfpu=fpv4-sp-d16 -mfloat-abi=hard -mthumb -o "Drivers/STM32L4xx_HAL_Driver/Src/stm32l4xx_hal_uart.o"
arm-none-eabi-gcc "../Drivers/STM32L4xx_HAL_Driver/Src/stm32l4xx_hal_uart_ex.c" -mcpu=cortex-m4 -std=gnu11 -g3 -DDEBUG -DUSE_HAL_DRIVER -DSTM32L496xx -c -I../Core/Inc -I../Drivers/STM32L4xx_HAL_Driver/Inc -I../Drivers/STM32L4xx_HAL_Driver/Inc/Legacy -I../Drivers/CMSIS/Device/ST/STM32L4xx/Include -I../Drivers/CMSIS/Include -O0 -ffunction-sections -fdata-sections -Wall -fstack-usage -fcyclomatic-complexity -MMD -MP -MF"Drivers/STM32L4xx_HAL_Driver/Src/stm32l4xx_hal_uart_ex.d" -MT"Drivers/STM32L4xx_HAL_Driver/Src/stm32l4xx_hal_uart_ex.o" --specs=nano.specs -mfpu=fpv4-sp-d16 -mfloat-abi=hard -mthumb -o "Drivers/STM32L4xx_HAL_Driver/Src/stm32l4xx_hal_uart_ex.o"
arm-none-eabi-gcc "../Drivers/STM32L4xx_HAL_Driver/Src/stm32l4xx_ll_usb.c" -mcpu=cortex-m4 -std=gnu11 -g3 -DDEBUG -DUSE_HAL_DRIVER -DSTM32L496xx -c -I../Core/Inc -I../Drivers/STM32L4xx_HAL_Driver/Inc -I../Drivers/STM32L4xx_HAL_Driver/Inc/Legacy -I../Drivers/CMSIS/Device/ST/STM32L4xx/Include -I../Drivers/CMSIS/Include -O0 -ffunction-sections -fdata-sections -Wall -fstack-usage -fcyclomatic-complexity -MMD -MP -MF"Drivers/STM32L4xx_HAL_Driver/Src/stm32l4xx_ll_usb.d" -MT"Drivers/STM32L4xx_HAL_Driver/Src/stm32l4xx_ll_usb.o" --specs=nano.specs -mfpu=fpv4-sp-d16 -mfloat-abi=hard -mthumb -o "Drivers/STM32L4xx_HAL_Driver/Src/stm32l4xx_ll_usb.o"
arm-none-eabi-gcc "../Core/Src/main.c" -mcpu=cortex-m4 -std=gnu11 -g3 -DDEBUG -DUSE_HAL_DRIVER -DSTM32L496xx -c -I../Core/Inc -I../Drivers/STM32L4xx_HAL_Driver/Inc -I../Drivers/STM32L4xx_HAL_Driver/Inc/Legacy -I../Drivers/CMSIS/Device/ST/STM32L4xx/Include -I../Drivers/CMSIS/Include -O0 -ffunction-sections -fdata-sections -Wall -fstack-usage -fcyclomatic-complexity -MMD -MP -MF"Core/Src/main.d" -MT"Core/Src/main.o" --specs=nano.specs -mfpu=fpv4-sp-d16 -mfloat-abi=hard -mthumb -o "Core/Src/main.o"
arm-none-eabi-gcc "../Core/Src/stm32l4xx_hal_msp.c" -mcpu=cortex-m4 -std=gnu11 -g3 -DDEBUG -DUSE_HAL_DRIVER -DSTM32L496xx -c -I../Core/Inc -I../Drivers/STM32L4xx_HAL_Driver/Inc -I../Drivers/STM32L4xx_HAL_Driver/Inc/Legacy -I../Drivers/CMSIS/Device/ST/STM32L4xx/Include -I../Drivers/CMSIS/Include -O0 -ffunction-sections -fdata-sections -Wall -fstack-usage -fcyclomatic-complexity -MMD -MP -MF"Core/Src/stm32l4xx_hal_msp.d" -MT"Core/Src/stm32l4xx_hal_msp.o" --specs=nano.specs -mfpu=fpv4-sp-d16 -mfloat-abi=hard -mthumb -o "Core/Src/stm32l4xx_hal_msp.o"
arm-none-eabi-gcc "../Core/Src/stm32l4xx_it.c" -mcpu=cortex-m4 -std=gnu11 -g3 -DDEBUG -DUSE_HAL_DRIVER -DSTM32L496xx -c -I../Core/Inc -I../Drivers/STM32L4xx_HAL_Driver/Inc -I../Drivers/STM32L4xx_HAL_Driver/Inc/Legacy -I../Drivers/CMSIS/Device/ST/STM32L4xx/Include -I../Drivers/CMSIS/Include -O0 -ffunction-sections -fdata-sections -Wall -fstack-usage -fcyclomatic-complexity -MMD -MP -MF"Core/Src/stm32l4xx_it.d" -MT"Core/Src/stm32l4xx_it.o" --specs=nano.specs -mfpu=fpv4-sp-d16 -mfloat-abi=hard -mthumb -o "Core/Src/stm32l4xx_it.o"
arm-none-eabi-gcc "../Core/Src/system_stm32l4xx.c" -mcpu=cortex-m4 -std=gnu11 -g3 -DDEBUG -DUSE_HAL_DRIVER -DSTM32L496xx -c -I../Core/Inc -I../Drivers/STM32L4xx_HAL_Driver/Inc -I../Drivers/STM32L4xx_HAL_Driver/Inc/Legacy -I../Drivers/CMSIS/Device/ST/STM32L4xx/Include -I../Drivers/CMSIS/Include -O0 -ffunction-sections -fdata-sections -Wall -fstack-usage -fcyclomatic-complexity -MMD -MP -MF"Core/Src/system_stm32l4xx.d" -MT"Core/Src/system_stm32l4xx.o" --specs=nano.specs -mfpu=fpv4-sp-d16 -mfloat-abi=hard -mthumb -o "Core/Src/system_stm32l4xx.o"
../Core/Src/main.c: In function 'main':
../Core/Src/main.c:160:4: warning: implicit declaration of function 'myprintf'; did you mean 'vdprintf'? [-Wimplicit-function-declaration]
  160 |    myprintf("Heading: %.2f Roll: %.2f Pitch: %.2f\r\n", v.x, v.y, v.z);
      |    ^~~~~~~~
      |    vdprintf
../Core/Src/main.c:94:12: warning: unused variable 'X' [-Wunused-variable]
   94 |    uint8_t X = 0;
      |            ^
../Core/Src/main.c:93:10: warning: unused variable 'buffer' [-Wunused-variable]
   93 |  uint8_t buffer[35] = {'\0'};
      |          ^~~~~~
../Core/Src/main.c:92:10: warning: unused variable 'MSG' [-Wunused-variable]
   92 |  uint8_t MSG[7] = {'h', 'e', 'l', 'l', 'o', '\r', '\n'};
      |          ^~~
../Core/Src/main.c: At top level:
../Core/Src/main.c:414:6: warning: conflicting types for 'myprintf'
  414 | void myprintf (const char *fmt, ...)
      |      ^~~~~~~~
../Core/Src/main.c:160:4: note: previous implicit declaration of 'myprintf' was here
  160 |    myprintf("Heading: %.2f Roll: %.2f Pitch: %.2f\r\n", v.x, v.y, v.z);
      |    ^~~~~~~~
arm-none-eabi-gcc -o "Pen.elf" @"objects.list"   -mcpu=cortex-m4 -T"/Users/naonao/Desktop/ENGN1650/engn1650-3Dpen-mcu/Pen/STM32L496ZGTX_FLASH.ld" --specs=nosys.specs -Wl,-Map="Pen.map" -Wl,--gc-sections -static --specs=nano.specs -mfpu=fpv4-sp-d16 -mfloat-abi=hard -mthumb -Wl,--start-group -lc -lm -Wl,--end-group
Finished building target: Pen.elf
 
arm-none-eabi-size   Pen.elf 
arm-none-eabi-objdump -h -S  Pen.elf  > "Pen.list"
   text	   data	    bss	    dec	    hex	filename
  31344	    132	   3300	  34776	   87d8	Pen.elf
Finished building: default.size.stdout
 
Finished building: Pen.list
 
14:27:13 **** Incremental Build of configuration Debug for project Pen ****
make -j7 all 
arm-none-eabi-gcc "../Core/Src/main.c" -mcpu=cortex-m4 -std=gnu11 -g3 -DDEBUG -DUSE_HAL_DRIVER -DSTM32L496xx -c -I../Core/Inc -I../Drivers/STM32L4xx_HAL_Driver/Inc -I../Drivers/STM32L4xx_HAL_Driver/Inc/Legacy -I../Drivers/CMSIS/Device/ST/STM32L4xx/Include -I../Drivers/CMSIS/Include -O0 -ffunction-sections -fdata-sections -Wall -fstack-usage -fcyclomatic-complexity -MMD -MP -MF"Core/Src/main.d" -MT"Core/Src/main.o" --specs=nano.specs -mfpu=fpv4-sp-d16 -mfloat-abi=hard -mthumb -o "Core/Src/main.o"
../Core/Src/main.c: In function 'main':
../Core/Src/main.c:160:4: warning: implicit declaration of function 'myprintf'; did you mean 'vdprintf'? [-Wimplicit-function-declaration]
  160 |    myprintf("Heading: %d Roll: %d Pitch: %d\r\n", v.x * 100, v.y * 100, v.z * 100);
      |    ^~~~~~~~
      |    vdprintf
../Core/Src/main.c:94:12: warning: unused variable 'X' [-Wunused-variable]
   94 |    uint8_t X = 0;
      |            ^
../Core/Src/main.c:93:10: warning: unused variable 'buffer' [-Wunused-variable]
   93 |  uint8_t buffer[35] = {'\0'};
      |          ^~~~~~
../Core/Src/main.c:92:10: warning: unused variable 'MSG' [-Wunused-variable]
   92 |  uint8_t MSG[7] = {'h', 'e', 'l', 'l', 'o', '\r', '\n'};
      |          ^~~
../Core/Src/main.c: At top level:
../Core/Src/main.c:414:6: warning: conflicting types for 'myprintf'
  414 | void myprintf (const char *fmt, ...)
      |      ^~~~~~~~
../Core/Src/main.c:160:4: note: previous implicit declaration of 'myprintf' was here
  160 |    myprintf("Heading: %d Roll: %d Pitch: %d\r\n", v.x * 100, v.y * 100, v.z * 100);
      |    ^~~~~~~~
arm-none-eabi-gcc -o "Pen.elf" @"objects.list"   -mcpu=cortex-m4 -T"/Users/naonao/Desktop/ENGN1650/engn1650-3Dpen-mcu/Pen/STM32L496ZGTX_FLASH.ld" --specs=nosys.specs -Wl,-Map="Pen.map" -Wl,--gc-sections -static --specs=nano.specs -mfpu=fpv4-sp-d16 -mfloat-abi=hard -mthumb -Wl,--start-group -lc -lm -Wl,--end-group
Finished building target: Pen.elf
 
arm-none-eabi-size   Pen.elf 
arm-none-eabi-objdump -h -S  Pen.elf  > "Pen.list"
   text	   data	    bss	    dec	    hex	filename
  31468	    132	   3300	  34900	   8854	Pen.elf
Finished building: default.size.stdout
 
Finished building: Pen.list
 
14:28:34 **** Incremental Build of configuration Debug for project Pen ****
make -j7 all 
arm-none-eabi-gcc "../Core/Src/main.c" -mcpu=cortex-m4 -std=gnu11 -g3 -DDEBUG -DUSE_HAL_DRIVER -DSTM32L496xx -c -I../Core/Inc -I../Drivers/STM32L4xx_HAL_Driver/Inc -I../Drivers/STM32L4xx_HAL_Driver/Inc/Legacy -I../Drivers/CMSIS/Device/ST/STM32L4xx/Include -I../Drivers/CMSIS/Include -O0 -ffunction-sections -fdata-sections -Wall -fstack-usage -fcyclomatic-complexity -MMD -MP -MF"Core/Src/main.d" -MT"Core/Src/main.o" --specs=nano.specs -mfpu=fpv4-sp-d16 -mfloat-abi=hard -mthumb -o "Core/Src/main.o"
../Core/Src/main.c: In function 'main':
../Core/Src/main.c:160:4: warning: implicit declaration of function 'myprintf'; did you mean 'vdprintf'? [-Wimplicit-function-declaration]
  160 |    myprintf("Heading: %d Roll: %d Pitch: %d\r\n", (int)(v.x * 100), (int)(v.y * 100), (int)(v.z * 100));
      |    ^~~~~~~~
      |    vdprintf
../Core/Src/main.c:94:12: warning: unused variable 'X' [-Wunused-variable]
   94 |    uint8_t X = 0;
      |            ^
../Core/Src/main.c:93:10: warning: unused variable 'buffer' [-Wunused-variable]
   93 |  uint8_t buffer[35] = {'\0'};
      |          ^~~~~~
../Core/Src/main.c:92:10: warning: unused variable 'MSG' [-Wunused-variable]
   92 |  uint8_t MSG[7] = {'h', 'e', 'l', 'l', 'o', '\r', '\n'};
      |          ^~~
../Core/Src/main.c: At top level:
../Core/Src/main.c:414:6: warning: conflicting types for 'myprintf'
  414 | void myprintf (const char *fmt, ...)
      |      ^~~~~~~~
../Core/Src/main.c:160:4: note: previous implicit declaration of 'myprintf' was here
  160 |    myprintf("Heading: %d Roll: %d Pitch: %d\r\n", (int)(v.x * 100), (int)(v.y * 100), (int)(v.z * 100));
      |    ^~~~~~~~
arm-none-eabi-gcc -o "Pen.elf" @"objects.list"   -mcpu=cortex-m4 -T"/Users/naonao/Desktop/ENGN1650/engn1650-3Dpen-mcu/Pen/STM32L496ZGTX_FLASH.ld" --specs=nosys.specs -Wl,-Map="Pen.map" -Wl,--gc-sections -static --specs=nano.specs -mfpu=fpv4-sp-d16 -mfloat-abi=hard -mthumb -Wl,--start-group -lc -lm -Wl,--end-group
Finished building target: Pen.elf
 
arm-none-eabi-size   Pen.elf 
arm-none-eabi-objdump -h -S  Pen.elf  > "Pen.list"
   text	   data	    bss	    dec	    hex	filename
  31540	    132	   3300	  34972	   889c	Pen.elf
Finished building: default.size.stdout
 
Finished building: Pen.list
 
14:29:36 **** Incremental Build of configuration Debug for project Pen ****
make -j7 all 
arm-none-eabi-gcc "../Core/Src/main.c" -mcpu=cortex-m4 -std=gnu11 -g3 -DDEBUG -DUSE_HAL_DRIVER -DSTM32L496xx -c -I../Core/Inc -I../Drivers/STM32L4xx_HAL_Driver/Inc -I../Drivers/STM32L4xx_HAL_Driver/Inc/Legacy -I../Drivers/CMSIS/Device/ST/STM32L4xx/Include -I../Drivers/CMSIS/Include -O0 -ffunction-sections -fdata-sections -Wall -fstack-usage -fcyclomatic-complexity -MMD -MP -MF"Core/Src/main.d" -MT"Core/Src/main.o" --specs=nano.specs -mfpu=fpv4-sp-d16 -mfloat-abi=hard -mthumb -o "Core/Src/main.o"
../Core/Src/main.c: In function 'main':
../Core/Src/main.c:160:4: warning: implicit declaration of function 'myprintf'; did you mean 'vdprintf'? [-Wimplicit-function-declaration]
  160 |    myprintf("Heading: %d Roll: %d Pitch: %d\r\n", (int)(v.x * 100), (int)(v.y * 100), (int)(v.z * 100));
      |    ^~~~~~~~
      |    vdprintf
../Core/Src/main.c:94:12: warning: unused variable 'X' [-Wunused-variable]
   94 |    uint8_t X = 0;
      |            ^
../Core/Src/main.c:93:10: warning: unused variable 'buffer' [-Wunused-variable]
   93 |  uint8_t buffer[35] = {'\0'};
      |          ^~~~~~
../Core/Src/main.c:92:10: warning: unused variable 'MSG' [-Wunused-variable]
   92 |  uint8_t MSG[7] = {'h', 'e', 'l', 'l', 'o', '\r', '\n'};
      |          ^~~
../Core/Src/main.c: At top level:
../Core/Src/main.c:414:6: warning: conflicting types for 'myprintf'
  414 | void myprintf (const char *fmt, ...)
      |      ^~~~~~~~
../Core/Src/main.c:160:4: note: previous implicit declaration of 'myprintf' was here
  160 |    myprintf("Heading: %d Roll: %d Pitch: %d\r\n", (int)(v.x * 100), (int)(v.y * 100), (int)(v.z * 100));
      |    ^~~~~~~~
arm-none-eabi-gcc -o "Pen.elf" @"objects.list"   -mcpu=cortex-m4 -T"/Users/naonao/Desktop/ENGN1650/engn1650-3Dpen-mcu/Pen/STM32L496ZGTX_FLASH.ld" --specs=nosys.specs -Wl,-Map="Pen.map" -Wl,--gc-sections -static --specs=nano.specs -mfpu=fpv4-sp-d16 -mfloat-abi=hard -mthumb -Wl,--start-group -lc -lm -Wl,--end-group
Finished building target: Pen.elf
 
arm-none-eabi-size   Pen.elf 
arm-none-eabi-objdump -h -S  Pen.elf  > "Pen.list"
   text	   data	    bss	    dec	    hex	filename
  31540	    132	   3300	  34972	   889c	Pen.elf
Finished building: default.size.stdout
 
Finished building: Pen.list
 
14:30:02 **** Incremental Build of configuration Debug for project Pen ****
make -j7 all 
arm-none-eabi-gcc "../Core/Src/main.c" -mcpu=cortex-m4 -std=gnu11 -g3 -DDEBUG -DUSE_HAL_DRIVER -DSTM32L496xx -c -I../Core/Inc -I../Drivers/STM32L4xx_HAL_Driver/Inc -I../Drivers/STM32L4xx_HAL_Driver/Inc/Legacy -I../Drivers/CMSIS/Device/ST/STM32L4xx/Include -I../Drivers/CMSIS/Include -O0 -ffunction-sections -fdata-sections -Wall -fstack-usage -fcyclomatic-complexity -MMD -MP -MF"Core/Src/main.d" -MT"Core/Src/main.o" --specs=nano.specs -mfpu=fpv4-sp-d16 -mfloat-abi=hard -mthumb -o "Core/Src/main.o"
../Core/Src/main.c: In function 'main':
../Core/Src/main.c:160:4: warning: implicit declaration of function 'myprintf'; did you mean 'vdprintf'? [-Wimplicit-function-declaration]
  160 |    myprintf("Heading: %d Roll: %d Pitch: %d\r\n", (int)(v.x * 100), (int)(v.y * 100), (int)(v.z * 100));
      |    ^~~~~~~~
      |    vdprintf
../Core/Src/main.c:94:12: warning: unused variable 'X' [-Wunused-variable]
   94 |    uint8_t X = 0;
      |            ^
../Core/Src/main.c:93:10: warning: unused variable 'buffer' [-Wunused-variable]
   93 |  uint8_t buffer[35] = {'\0'};
      |          ^~~~~~
../Core/Src/main.c:92:10: warning: unused variable 'MSG' [-Wunused-variable]
   92 |  uint8_t MSG[7] = {'h', 'e', 'l', 'l', 'o', '\r', '\n'};
      |          ^~~
../Core/Src/main.c: At top level:
../Core/Src/main.c:414:6: warning: conflicting types for 'myprintf'
  414 | void myprintf (const char *fmt, ...)
      |      ^~~~~~~~
../Core/Src/main.c:160:4: note: previous implicit declaration of 'myprintf' was here
  160 |    myprintf("Heading: %d Roll: %d Pitch: %d\r\n", (int)(v.x * 100), (int)(v.y * 100), (int)(v.z * 100));
      |    ^~~~~~~~
arm-none-eabi-gcc -o "Pen.elf" @"objects.list"   -mcpu=cortex-m4 -T"/Users/naonao/Desktop/ENGN1650/engn1650-3Dpen-mcu/Pen/STM32L496ZGTX_FLASH.ld" --specs=nosys.specs -Wl,-Map="Pen.map" -Wl,--gc-sections -static --specs=nano.specs -mfpu=fpv4-sp-d16 -mfloat-abi=hard -mthumb -Wl,--start-group -lc -lm -Wl,--end-group
Finished building target: Pen.elf
 
arm-none-eabi-size   Pen.elf 
arm-none-eabi-objdump -h -S  Pen.elf  > "Pen.list"
   text	   data	    bss	    dec	    hex	filename
  31540	    132	   3300	  34972	   889c	Pen.elf
Finished building: default.size.stdout
 
Finished building: Pen.list
 
14:30:13 **** Incremental Build of configuration Debug for project Pen ****
make -j7 all 
arm-none-eabi-gcc "../Core/Src/main.c" -mcpu=cortex-m4 -std=gnu11 -g3 -DDEBUG -DUSE_HAL_DRIVER -DSTM32L496xx -c -I../Core/Inc -I../Drivers/STM32L4xx_HAL_Driver/Inc -I../Drivers/STM32L4xx_HAL_Driver/Inc/Legacy -I../Drivers/CMSIS/Device/ST/STM32L4xx/Include -I../Drivers/CMSIS/Include -O0 -ffunction-sections -fdata-sections -Wall -fstack-usage -fcyclomatic-complexity -MMD -MP -MF"Core/Src/main.d" -MT"Core/Src/main.o" --specs=nano.specs -mfpu=fpv4-sp-d16 -mfloat-abi=hard -mthumb -o "Core/Src/main.o"
../Core/Src/main.c: In function 'main':
../Core/Src/main.c:160:4: warning: implicit declaration of function 'myprintf'; did you mean 'vdprintf'? [-Wimplicit-function-declaration]
  160 |    myprintf("Heading: %d Roll: %d Pitch: %d\r\n", (int)(v.x * 100), (int)(v.y * 100), (int)(v.z * 100));
      |    ^~~~~~~~
      |    vdprintf
../Core/Src/main.c:94:12: warning: unused variable 'X' [-Wunused-variable]
   94 |    uint8_t X = 0;
      |            ^
../Core/Src/main.c:93:10: warning: unused variable 'buffer' [-Wunused-variable]
   93 |  uint8_t buffer[35] = {'\0'};
      |          ^~~~~~
../Core/Src/main.c:92:10: warning: unused variable 'MSG' [-Wunused-variable]
   92 |  uint8_t MSG[7] = {'h', 'e', 'l', 'l', 'o', '\r', '\n'};
      |          ^~~
../Core/Src/main.c: At top level:
../Core/Src/main.c:414:6: warning: conflicting types for 'myprintf'
  414 | void myprintf (const char *fmt, ...)
      |      ^~~~~~~~
../Core/Src/main.c:160:4: note: previous implicit declaration of 'myprintf' was here
  160 |    myprintf("Heading: %d Roll: %d Pitch: %d\r\n", (int)(v.x * 100), (int)(v.y * 100), (int)(v.z * 100));
      |    ^~~~~~~~
arm-none-eabi-gcc -o "Pen.elf" @"objects.list"   -mcpu=cortex-m4 -T"/Users/naonao/Desktop/ENGN1650/engn1650-3Dpen-mcu/Pen/STM32L496ZGTX_FLASH.ld" --specs=nosys.specs -Wl,-Map="Pen.map" -Wl,--gc-sections -static --specs=nano.specs -mfpu=fpv4-sp-d16 -mfloat-abi=hard -mthumb -Wl,--start-group -lc -lm -Wl,--end-group
Finished building target: Pen.elf
 
arm-none-eabi-size   Pen.elf 
arm-none-eabi-objdump -h -S  Pen.elf  > "Pen.list"
   text	   data	    bss	    dec	    hex	filename
  31540	    132	   3300	  34972	   889c	Pen.elf
Finished building: default.size.stdout
 
Finished building: Pen.list
 
