17:32:21 **** Incremental Build of configuration Debug for project pen-3d-main ****
make -j7 all 
arm-none-eabi-gcc "../Core/Src/main.c" -mcpu=cortex-m4 -std=gnu11 -g3 -DDEBUG -DUSE_HAL_DRIVER -DSTM32L412xx -c -I../Core/Inc -I../Drivers/STM32L4xx_HAL_Driver/Inc -I../Drivers/STM32L4xx_HAL_Driver/Inc/Legacy -I../Drivers/CMSIS/Device/ST/STM32L4xx/Include -I../Drivers/CMSIS/Include -O0 -ffunction-sections -fdata-sections -Wall -fstack-usage -fcyclomatic-complexity -MMD -MP -MF"Core/Src/main.d" -MT"Core/Src/main.o" --specs=nano.specs -mfpu=fpv4-sp-d16 -mfloat-abi=hard -mthumb -o "Core/Src/main.o"
../Core/Src/main.c: In function 'main':
../Core/Src/main.c:122:12: warning: implicit declaration of function 'mygetch' [-Wimplicit-function-declaration]
  122 |    int i = mygetch();
      |            ^~~~~~~
../Core/Src/main.c:129:3: warning: implicit declaration of function 'myprintf'; did you mean 'vdprintf'? [-Wimplicit-function-declaration]
  129 |   myprintf("%d\n", i);
      |   ^~~~~~~~
      |   vdprintf
../Core/Src/main.c: At top level:
../Core/Src/main.c:373:6: warning: conflicting types for 'myprintf'
  373 | void myprintf (const char *fmt, ...)
      |      ^~~~~~~~
../Core/Src/main.c:129:3: note: previous implicit declaration of 'myprintf' was here
  129 |   myprintf("%d\n", i);
      |   ^~~~~~~~
arm-none-eabi-gcc -o "pen-3d-main.elf" @"objects.list"   -mcpu=cortex-m4 -T"/Users/naonao/Desktop/ENGN1650/engn1650-3Dpen-mcu/pen-3d-main/STM32L412C8TX_FLASH.ld" --specs=nosys.specs -Wl,-Map="pen-3d-main.map" -Wl,--gc-sections -static --specs=nano.specs -mfpu=fpv4-sp-d16 -mfloat-abi=hard -mthumb -Wl,--start-group -lc -lm -Wl,--end-group
Finished building target: pen-3d-main.elf
 
arm-none-eabi-size   pen-3d-main.elf 
arm-none-eabi-objdump -h -S  pen-3d-main.elf  > "pen-3d-main.list"
   text	   data	    bss	    dec	    hex	filename
  19336	    120	   1880	  21336	   5358	pen-3d-main.elf
Finished building: default.size.stdout
 
Finished building: pen-3d-main.list
 

17:32:22 Build Finished. 0 errors, 3 warnings. (took 1s.150ms)

